npm warn Unknown project config "public-hoist-pattern". This will stop working in the next major version of npm.
